# PageFault upon VA "xx" from process "yy"

# Free Physical page "ZZ" allocated

# Swapping out page "ZZ" to disk

# At time "i" disk address "x" for process "y" is loaded into memory page "ZZ".

PageFault upon VA 0 from process 1
Free Physical page 1 allocated
PageFault upon VA 0 from process 2
Free Physical page 3 allocated
At time 11 disk address 0 for process 1 is loaded into memory page 1.
PageFault upon VA 10000 from process 1
Free Physical page 4 allocated
At time 13 disk address 20 for process 2 is loaded into memory page 3.
PageFault upon VA 10000 from process 2
Free Physical page 5 allocated
At time 21 disk address 1 for process 1 is loaded into memory page 4.
PageFault upon VA 100000 from process 1
Free Physical page 6 allocated
At time 23 disk address 21 for process 2 is loaded into memory page 5.
PageFault upon VA 100000 from process 2
Free Physical page 7 allocated
At time 31 disk address 2 for process 1 is loaded into memory page 6.
At time 33 disk address 22 for process 2 is loaded into memory page 7.
